Using pre-set license
Built from '2022.1/staging' branch; Version is '2022.1.23f1 (9636b062134a) revision 9844400'; Using compiler version '192829333'; Build Type 'Release'
OS: 'Windows 10  (10.0.19045) 64bit Enterprise' Language: 'en' Physical Memory: 32643 MB
BatchMode: 1, IsHumanControllingUs: 0, StartBugReporterOnCrash: 0, Is64bit: 1, IsPro: 1

COMMAND LINE ARGUMENTS:
C:\Program Files\Unity 2022.1.23f1\Editor\Unity.exe
-adb2
-batchMode
-noUpm
-name
AssetImportWorker0
-projectPath
G:/FirstPersonShooting
-logFile
Logs/AssetImportWorker0.log
-srvPort
56505
Successfully changed project path to: G:/FirstPersonShooting
G:/FirstPersonShooting
[UnityMemory] Configuration Parameters - Can be set up in boot.config
    "memorysetup-bucket-allocator-granularity=16"
    "memorysetup-bucket-allocator-bucket-count=8"
    "memorysetup-bucket-allocator-block-size=33554432"
    "memorysetup-bucket-allocator-block-count=8"
    "memorysetup-main-allocator-block-size=16777216"
    "memorysetup-thread-allocator-block-size=16777216"
    "memorysetup-gfx-main-allocator-block-size=16777216"
    "memorysetup-gfx-thread-allocator-block-size=16777216"
    "memorysetup-cache-allocator-block-size=4194304"
    "memorysetup-typetree-allocator-block-size=2097152"
    "memorysetup-profiler-bucket-allocator-granularity=16"
    "memorysetup-profiler-bucket-allocator-bucket-count=8"
    "memorysetup-profiler-bucket-allocator-block-size=33554432"
    "memorysetup-profiler-bucket-allocator-block-count=8"
    "memorysetup-profiler-allocator-block-size=16777216"
    "memorysetup-profiler-editor-allocator-block-size=1048576"
    "memorysetup-temp-allocator-size-main=16777216"
    "memorysetup-job-temp-allocator-block-size=2097152"
    "memorysetup-job-temp-allocator-block-size-background=1048576"
    "memorysetup-job-temp-allocator-reduction-small-platforms=262144"
    "memorysetup-temp-allocator-size-background-worker=32768"
    "memorysetup-temp-allocator-size-job-worker=262144"
    "memorysetup-temp-allocator-size-preload-manager=33554432"
    "memorysetup-temp-allocator-size-nav-mesh-worker=65536"
    "memorysetup-temp-allocator-size-audio-worker=65536"
    "memorysetup-temp-allocator-size-cloud-worker=32768"
    "memorysetup-temp-allocator-size-gi-baking-worker=262144"
    "memorysetup-temp-allocator-size-gfx=262144"
Refreshing native plugins compatible for Editor in 311.69 ms, found 2 plugins.
Preloading 0 native plugins for Editor in 0.00 ms.
Initialize engine version: 2022.1.23f1 (9636b062134a)
[Subsystems] Discovering subsystems at path C:/Program Files/Unity 2022.1.23f1/Editor/Data/Resources/UnitySubsystems
[Subsystems] Discovering subsystems at path G:/FirstPersonShooting/Assets
GfxDevice: creating device client; threaded=0; jobified=0
Direct3D:
    Version:  Direct3D 11.0 [level 11.1]
    Renderer: NVIDIA GeForce GTX 1060 3GB (ID=0x1c02)
    Vendor:   NVIDIA
    VRAM:     2979 MB
    Driver:   31.0.15.2756
Initialize mono
Mono path[0] = 'C:/Program Files/Unity 2022.1.23f1/Editor/Data/Managed'
Mono path[1] = 'C:/Program Files/Unity 2022.1.23f1/Editor/Data/MonoBleedingEdge/lib/mono/unityjit-win32'
Mono config path = 'C:/Program Files/Unity 2022.1.23f1/Editor/Data/MonoBleedingEdge/etc'
Using monoOptions --debugger-agent=transport=dt_socket,embedding=1,server=y,suspend=n,address=127.0.0.1:56296
Begin MonoManager ReloadAssembly
Registering precompiled unity dll's ...
Register platform support module: C:/Program Files/Unity 2022.1.23f1/Editor/Data/PlaybackEngines/WebGLSupport/UnityEditor.WebGL.Extensions.dll
Register platform support module: C:/Program Files/Unity 2022.1.23f1/Editor/Data/PlaybackEngines/WindowsStandaloneSupport/UnityEditor.WindowsStandalone.Extensions.dll
Registered in 0.007737 seconds.
Native extension for WindowsStandalone target not found
Native extension for WebGL target not found
Refreshing native plugins compatible for Editor in 54.08 ms, found 2 plugins.
Preloading 0 native plugins for Editor in 0.00 ms.
Mono: successfully reloaded assembly
- Completed reload, in  0.895 seconds
Domain Reload Profiling:
	ReloadAssembly (896ms)
		BeginReloadAssembly (110ms)
			ExecutionOrderSort (0ms)
			DisableScriptedObjects (0ms)
			BackupInstance (0ms)
			ReleaseScriptingObjects (0ms)
			CreateAndSetChildDomain (1ms)
		EndReloadAssembly (624ms)
			LoadAssemblies (106ms)
			RebuildTransferFunctionScriptingTraits (0ms)
			SetupTypeCache (163ms)
				TypeCache.Initialize (162ms)
					TypeCache.ScanAssembly (161ms)
				ResolveRequiredComponents (0ms)
			ReleaseScriptCaches (0ms)
			RebuildScriptCaches (39ms)
			SetupLoadedEditorAssemblies (347ms)
				LogAssemblyErrors (0ms)
				InitializePlatformSupportModulesInManaged (11ms)
				SetLoadedEditorAssemblies (9ms)
				RefreshPlugins (54ms)
				BeforeProcessingInitializeOnLoad (2ms)
				ProcessInitializeOnLoadAttributes (205ms)
				ProcessInitializeOnLoadMethodAttributes (66ms)
				AfterProcessingInitializeOnLoad (0ms)
				EditorAssembliesLoaded (0ms)
			ExecutionOrderSort2 (0ms)
			AwakeInstancesAfterBackupRestoration (0ms)
Platform modules already initialized, skipping
Registering precompiled user dll's ...
Registered in 4.953528 seconds.
Begin MonoManager ReloadAssembly
Native extension for WindowsStandalone target not found
Native extension for WebGL target not found
Refreshing native plugins compatible for Editor in 50.33 ms, found 2 plugins.
Preloading 0 native plugins for Editor in 0.00 ms.
Mono: successfully reloaded assembly
- Completed reload, in  7.574 seconds
Domain Reload Profiling:
	ReloadAssembly (7576ms)
		BeginReloadAssembly (174ms)
			ExecutionOrderSort (0ms)
			DisableScriptedObjects (7ms)
			BackupInstance (0ms)
			ReleaseScriptingObjects (0ms)
			CreateAndSetChildDomain (27ms)
		EndReloadAssembly (7234ms)
			LoadAssemblies (6263ms)
			RebuildTransferFunctionScriptingTraits (0ms)
			SetupTypeCache (246ms)
				TypeCache.Initialize (243ms)
					TypeCache.ScanAssembly (238ms)
				ResolveRequiredComponents (4ms)
			ReleaseScriptCaches (0ms)
			RebuildScriptCaches (53ms)
			SetupLoadedEditorAssemblies (621ms)
				LogAssemblyErrors (0ms)
				InitializePlatformSupportModulesInManaged (6ms)
				SetLoadedEditorAssemblies (8ms)
				RefreshPlugins (50ms)
				BeforeProcessingInitializeOnLoad (103ms)
				ProcessInitializeOnLoadAttributes (411ms)
				ProcessInitializeOnLoadMethodAttributes (32ms)
				AfterProcessingInitializeOnLoad (10ms)
				EditorAssembliesLoaded (0ms)
			ExecutionOrderSort2 (0ms)
			AwakeInstancesAfterBackupRestoration (10ms)
Platform modules already initialized, skipping
========================================================================
Worker process is ready to serve import requests
Launched and connected shader compiler UnityShaderCompiler.exe after 0.09 seconds
Refreshing native plugins compatible for Editor in 0.85 ms, found 2 plugins.
Preloading 0 native plugins for Editor in 0.00 ms.
Unloading 2056 Unused Serialized files (Serialized files now loaded: 0)
Unloading 23 unused Assets / (60.5 KB). Loaded Objects now: 2546.
Memory consumption went from 351.5 MB to 351.4 MB.
Total: 3.510500 ms (FindLiveObjects: 0.187800 ms CreateObjectMapping: 0.123100 ms MarkObjects: 3.055200 ms  DeleteObjects: 0.142900 ms)

AssetImportParameters requested are different than current active one (requested -> active):
  custom:video-decoder-ogg-theora: a1e56fd34408186e4bbccfd4996cb3dc -> 
  custom:container-muxer-webm: aa71ff27fc2769a1b78a27578f13a17b -> 
  custom:container-demuxer-webm: 4f35f7cbe854078d1ac9338744f61a02 -> 
  custom:video-encoder-webm-vp8: eb34c28f22e8b96e1ab97ce403110664 -> 
  custom:audio-encoder-webm-vorbis: bf7c407c2cedff20999df2af8eb42d56 -> 
  custom:framework-win-MediaFoundation: 216162199b28c13a410421893ffa2e32 -> 
  custom:container-demuxer-ogg: 62fdf1f143b41e24485cea50d1cbac27 -> 
  custom:video-decoder-webm-vp8: 9c59270c3fd7afecdb556c50c9e8de78 -> 
  custom:audio-decoder-ogg-vorbis: bf7c407c2cedff20999df2af8eb42d56 -> 
========================================================================
Received Import Request.
  Time since last request: 336893.875413 seconds.
  path: Assets/Resources/Prefabs/Doors/Door.prefab
  artifactKey: Guid(e1fefae9ce0a6ce41b5cf053d7f6a1be) Importer(815301076,1909f56bfc062723c751e8b465ee728b)
Start importing Assets/Resources/Prefabs/Doors/Door.prefab using Guid(e1fefae9ce0a6ce41b5cf053d7f6a1be) Importer(815301076,1909f56bfc062723c751e8b465ee728b)  -> (artifact id: '64df8aab555601500925e66d95db70c6') in 0.224966 seconds 
========================================================================
Received Import Request.
  Time since last request: 5.677529 seconds.
  path: Assets/Resources/Prefabs/Keys
  artifactKey: Guid(80e5eff6e3c6bd24eaa95ee05ba7765c) Importer(815301076,1909f56bfc062723c751e8b465ee728b)
Start importing Assets/Resources/Prefabs/Keys using Guid(80e5eff6e3c6bd24eaa95ee05ba7765c) Importer(815301076,1909f56bfc062723c751e8b465ee728b)  -> (artifact id: 'c8cabf742cb354c50d27b873f815bcda') in 0.032839 seconds 
========================================================================
Received Import Request.
  Time since last request: 12.813175 seconds.
  path: Assets/Resources/Prefabs/Keys/Boss Key.mat
  artifactKey: Guid(f91d9c79f419603489c74434598e5dd5) Importer(815301076,1909f56bfc062723c751e8b465ee728b)
Start importing Assets/Resources/Prefabs/Keys/Boss Key.mat using Guid(f91d9c79f419603489c74434598e5dd5) Importer(815301076,1909f56bfc062723c751e8b465ee728b)  -> (artifact id: 'da80b6ce341e3bdd3f8afbcb48fbd20d') in 0.120347 seconds 
========================================================================
Received Import Request.
  Time since last request: 9.096637 seconds.
  path: Assets/Resources/Prefabs/Keys/Boss Key.prefab
  artifactKey: Guid(72ae1ede99e64fd4fbd6a49abfac7ef0) Importer(815301076,1909f56bfc062723c751e8b465ee728b)
Start importing Assets/Resources/Prefabs/Keys/Boss Key.prefab using Guid(72ae1ede99e64fd4fbd6a49abfac7ef0) Importer(815301076,1909f56bfc062723c751e8b465ee728b)  -> (artifact id: '5db9e9fbc18d3b9286aa6eca71422826') in 0.075698 seconds 
========================================================================
Received Import Request.
  Time since last request: 7.722306 seconds.
  path: Assets/Resources/Prefabs/Keys/Boss Key.prefab
  artifactKey: Guid(72ae1ede99e64fd4fbd6a49abfac7ef0) Importer(815301076,1909f56bfc062723c751e8b465ee728b)
Start importing Assets/Resources/Prefabs/Keys/Boss Key.prefab using Guid(72ae1ede99e64fd4fbd6a49abfac7ef0) Importer(815301076,1909f56bfc062723c751e8b465ee728b)  -> (artifact id: 'f58ed5bf72c375778ebb1ce46f39239a') in 0.056944 seconds 
========================================================================
Received Import Request.
  Time since last request: 13.321261 seconds.
  path: Assets/Resources/Prefabs/Keys/Boss Key.prefab
  artifactKey: Guid(72ae1ede99e64fd4fbd6a49abfac7ef0) Importer(815301076,1909f56bfc062723c751e8b465ee728b)
Start importing Assets/Resources/Prefabs/Keys/Boss Key.prefab using Guid(72ae1ede99e64fd4fbd6a49abfac7ef0) Importer(815301076,1909f56bfc062723c751e8b465ee728b)  -> (artifact id: '34d695992d152f6d9db6dd8c85d7e9ce') in 0.062076 seconds 
========================================================================
Received Import Request.
  Time since last request: 46.568511 seconds.
  path: Assets/Resources/Prefabs/Keys/Boss Key.prefab
  artifactKey: Guid(72ae1ede99e64fd4fbd6a49abfac7ef0) Importer(815301076,1909f56bfc062723c751e8b465ee728b)
Start importing Assets/Resources/Prefabs/Keys/Boss Key.prefab using Guid(72ae1ede99e64fd4fbd6a49abfac7ef0) Importer(815301076,1909f56bfc062723c751e8b465ee728b)  -> (artifact id: 'f444f26f811e7cb5141ceb4120ee1595') in 0.033296 seconds 
========================================================================
Received Import Request.
  Time since last request: 5.850670 seconds.
  path: Assets/Resources/Prefabs/Keys/Boss Key.prefab
  artifactKey: Guid(72ae1ede99e64fd4fbd6a49abfac7ef0) Importer(815301076,1909f56bfc062723c751e8b465ee728b)
Start importing Assets/Resources/Prefabs/Keys/Boss Key.prefab using Guid(72ae1ede99e64fd4fbd6a49abfac7ef0) Importer(815301076,1909f56bfc062723c751e8b465ee728b)  -> (artifact id: 'ef55a43e967b919cbd2d83d3e2e5a05d') in 0.133243 seconds 
========================================================================
Received Import Request.
  Time since last request: 14.717695 seconds.
  path: Assets/Resources/Prefabs/Keys/Boss Key.prefab
  artifactKey: Guid(72ae1ede99e64fd4fbd6a49abfac7ef0) Importer(815301076,1909f56bfc062723c751e8b465ee728b)
Start importing Assets/Resources/Prefabs/Keys/Boss Key.prefab using Guid(72ae1ede99e64fd4fbd6a49abfac7ef0) Importer(815301076,1909f56bfc062723c751e8b465ee728b)  -> (artifact id: 'a26f78bd5034db0fcc8d656d42ce8f23') in 0.049506 seconds 
========================================================================
Received Import Request.
  Time since last request: 6.317926 seconds.
  path: Assets/Resources/Prefabs/Keys/Boss Key.prefab
  artifactKey: Guid(72ae1ede99e64fd4fbd6a49abfac7ef0) Importer(815301076,1909f56bfc062723c751e8b465ee728b)
Start importing Assets/Resources/Prefabs/Keys/Boss Key.prefab using Guid(72ae1ede99e64fd4fbd6a49abfac7ef0) Importer(815301076,1909f56bfc062723c751e8b465ee728b)  -> (artifact id: '18efadf5be18dafb1ccde240f9b852e7') in 0.065369 seconds 
========================================================================
Received Import Request.
  Time since last request: 120.333135 seconds.
  path: Assets/Resources/Prefabs/Enemy/Enemy Melee Miniboss.prefab
  artifactKey: Guid(ab9ef9830e277e940a47a51c9e4edc40) Importer(815301076,1909f56bfc062723c751e8b465ee728b)
Start importing Assets/Resources/Prefabs/Enemy/Enemy Melee Miniboss.prefab using Guid(ab9ef9830e277e940a47a51c9e4edc40) Importer(815301076,1909f56bfc062723c751e8b465ee728b)  -> (artifact id: '11e77367e3f1aa80d57a4a089ae0461d') in 0.139332 seconds 
========================================================================
Received Import Request.
  Time since last request: 5.082475 seconds.
  path: Assets/Resources/Prefabs/Enemy/Enemy Melee Miniboss.prefab
  artifactKey: Guid(ab9ef9830e277e940a47a51c9e4edc40) Importer(815301076,1909f56bfc062723c751e8b465ee728b)
Start importing Assets/Resources/Prefabs/Enemy/Enemy Melee Miniboss.prefab using Guid(ab9ef9830e277e940a47a51c9e4edc40) Importer(815301076,1909f56bfc062723c751e8b465ee728b)  -> (artifact id: 'c25a62e52022ce0dee3d3fffd6464b89') in 0.057937 seconds 
========================================================================
Received Import Request.
  Time since last request: 5.802208 seconds.
  path: Assets/Resources/Prefabs/Enemy/Enemy Melee Miniboss.prefab
  artifactKey: Guid(ab9ef9830e277e940a47a51c9e4edc40) Importer(815301076,1909f56bfc062723c751e8b465ee728b)
Start importing Assets/Resources/Prefabs/Enemy/Enemy Melee Miniboss.prefab using Guid(ab9ef9830e277e940a47a51c9e4edc40) Importer(815301076,1909f56bfc062723c751e8b465ee728b)  -> (artifact id: 'c0431f1c9dcf71e794bb8ab56e6b6d13') in 0.094388 seconds 
========================================================================
Received Import Request.
  Time since last request: 60.719290 seconds.
  path: Assets/Resources/Prefabs/Enemy/Enemy Melee Miniboss.prefab
  artifactKey: Guid(ab9ef9830e277e940a47a51c9e4edc40) Importer(815301076,1909f56bfc062723c751e8b465ee728b)
Start importing Assets/Resources/Prefabs/Enemy/Enemy Melee Miniboss.prefab using Guid(ab9ef9830e277e940a47a51c9e4edc40) Importer(815301076,1909f56bfc062723c751e8b465ee728b)  -> (artifact id: '3f92307d06540953a31f983b6247451e') in 0.054131 seconds 
========================================================================
Received Import Request.
  Time since last request: 33.019658 seconds.
  path: Assets/Resources/Prefabs/Enemy/Enemy Melee Miniboss.prefab
  artifactKey: Guid(ab9ef9830e277e940a47a51c9e4edc40) Importer(815301076,1909f56bfc062723c751e8b465ee728b)
Start importing Assets/Resources/Prefabs/Enemy/Enemy Melee Miniboss.prefab using Guid(ab9ef9830e277e940a47a51c9e4edc40) Importer(815301076,1909f56bfc062723c751e8b465ee728b)  -> (artifact id: 'a1333ea872b9e554a338bf00acf0fce2') in 0.059875 seconds 
========================================================================
Received Import Request.
  Time since last request: 8.106407 seconds.
  path: Assets/Resources/Prefabs/Enemy/Enemy Melee Miniboss.prefab
  artifactKey: Guid(ab9ef9830e277e940a47a51c9e4edc40) Importer(815301076,1909f56bfc062723c751e8b465ee728b)
Start importing Assets/Resources/Prefabs/Enemy/Enemy Melee Miniboss.prefab using Guid(ab9ef9830e277e940a47a51c9e4edc40) Importer(815301076,1909f56bfc062723c751e8b465ee728b)  -> (artifact id: '7b066db221de15486a759d81496c2691') in 0.072926 seconds 
========================================================================
Received Import Request.
  Time since last request: 48.285443 seconds.
  path: Assets/Resources/Prefabs/Enemy/Enemy Ranged 1.prefab
  artifactKey: Guid(766d035aa2b5d7d4494ad7ff3c298575) Importer(815301076,1909f56bfc062723c751e8b465ee728b)
Start importing Assets/Resources/Prefabs/Enemy/Enemy Ranged 1.prefab using Guid(766d035aa2b5d7d4494ad7ff3c298575) Importer(815301076,1909f56bfc062723c751e8b465ee728b)  -> (artifact id: '27e8a9630ab04a1d248cd08c01f88db1') in 0.114373 seconds 
========================================================================
Received Import Request.
  Time since last request: 0.000024 seconds.
  path: Assets/Resources/Prefabs/Enemy/Enemy Ranged.prefab
  artifactKey: Guid(d4331a5b1dcf193458abbefb651e451a) Importer(815301076,1909f56bfc062723c751e8b465ee728b)
Start importing Assets/Resources/Prefabs/Enemy/Enemy Ranged.prefab using Guid(d4331a5b1dcf193458abbefb651e451a) Importer(815301076,1909f56bfc062723c751e8b465ee728b)  -> (artifact id: '02f6bc98e18b797cab0248728f03a02e') in 0.089151 seconds 
========================================================================
Received Import Request.
  Time since last request: 8.968983 seconds.
  path: Assets/Resources/Prefabs/Enemy/Enemy Ranged Miniboss.prefab
  artifactKey: Guid(766d035aa2b5d7d4494ad7ff3c298575) Importer(815301076,1909f56bfc062723c751e8b465ee728b)
Start importing Assets/Resources/Prefabs/Enemy/Enemy Ranged Miniboss.prefab using Guid(766d035aa2b5d7d4494ad7ff3c298575) Importer(815301076,1909f56bfc062723c751e8b465ee728b)  -> (artifact id: 'e30856e269c3229cd735fc0271c41f6c') in 0.057383 seconds 
========================================================================
Received Import Request.
  Time since last request: 5.075894 seconds.
  path: Assets/Resources/Prefabs/Enemy/Enemy Ranged Miniboss.prefab
  artifactKey: Guid(766d035aa2b5d7d4494ad7ff3c298575) Importer(815301076,1909f56bfc062723c751e8b465ee728b)
Start importing Assets/Resources/Prefabs/Enemy/Enemy Ranged Miniboss.prefab using Guid(766d035aa2b5d7d4494ad7ff3c298575) Importer(815301076,1909f56bfc062723c751e8b465ee728b)  -> (artifact id: '9a1dc7e1b26c20a9d52e6de4406735d3') in 0.072824 seconds 
========================================================================
Received Import Request.
  Time since last request: 38.116224 seconds.
  path: Assets/Resources/Prefabs/Enemy/Enemy Ranged Miniboss.prefab
  artifactKey: Guid(766d035aa2b5d7d4494ad7ff3c298575) Importer(815301076,1909f56bfc062723c751e8b465ee728b)
Start importing Assets/Resources/Prefabs/Enemy/Enemy Ranged Miniboss.prefab using Guid(766d035aa2b5d7d4494ad7ff3c298575) Importer(815301076,1909f56bfc062723c751e8b465ee728b)  -> (artifact id: '5c6e32900b534c031ca89f66aa005ff0') in 0.069184 seconds 
========================================================================
Received Import Request.
  Time since last request: 41.741508 seconds.
  path: Assets/Resources/Prefabs/Enemy/Enemy Ranged Miniboss.prefab
  artifactKey: Guid(766d035aa2b5d7d4494ad7ff3c298575) Importer(815301076,1909f56bfc062723c751e8b465ee728b)
Start importing Assets/Resources/Prefabs/Enemy/Enemy Ranged Miniboss.prefab using Guid(766d035aa2b5d7d4494ad7ff3c298575) Importer(815301076,1909f56bfc062723c751e8b465ee728b)  -> (artifact id: '0b544ad7f64f80b7f9735d23f68c8323') in 0.067392 seconds 
========================================================================
Received Import Request.
  Time since last request: 0.330608 seconds.
  path: Assets/Resources/Prefabs/Keys/Boss Key.prefab
  artifactKey: Guid(72ae1ede99e64fd4fbd6a49abfac7ef0) Importer(815301076,1909f56bfc062723c751e8b465ee728b)
Start importing Assets/Resources/Prefabs/Keys/Boss Key.prefab using Guid(72ae1ede99e64fd4fbd6a49abfac7ef0) Importer(815301076,1909f56bfc062723c751e8b465ee728b)  -> (artifact id: '1cc477865916527b73cb772205c61500') in 0.060700 seconds 
========================================================================
Received Import Request.
  Time since last request: 4.807767 seconds.
  path: Assets/Resources/Prefabs/Enemy/Enemy Ranged Miniboss.prefab
  artifactKey: Guid(766d035aa2b5d7d4494ad7ff3c298575) Importer(815301076,1909f56bfc062723c751e8b465ee728b)
Start importing Assets/Resources/Prefabs/Enemy/Enemy Ranged Miniboss.prefab using Guid(766d035aa2b5d7d4494ad7ff3c298575) Importer(815301076,1909f56bfc062723c751e8b465ee728b)  -> (artifact id: 'e41b2413eee06d96c3b08621a7350e2a') in 0.084435 seconds 
========================================================================
Received Prepare
Registering precompiled user dll's ...
Registered in 4.399368 seconds.
Begin MonoManager ReloadAssembly
Native extension for WindowsStandalone target not found
Native extension for WebGL target not found
Refreshing native plugins compatible for Editor in 0.77 ms, found 2 plugins.
Preloading 0 native plugins for Editor in 0.00 ms.
Mono: successfully reloaded assembly
- Completed reload, in  7.147 seconds
Domain Reload Profiling:
	ReloadAssembly (7148ms)
		BeginReloadAssembly (159ms)
			ExecutionOrderSort (0ms)
			DisableScriptedObjects (5ms)
			BackupInstance (0ms)
			ReleaseScriptingObjects (0ms)
			CreateAndSetChildDomain (39ms)
		EndReloadAssembly (6865ms)
			LoadAssemblies (5923ms)
			RebuildTransferFunctionScriptingTraits (0ms)
			SetupTypeCache (236ms)
				TypeCache.Initialize (231ms)
					TypeCache.ScanAssembly (227ms)
				ResolveRequiredComponents (5ms)
			ReleaseScriptCaches (1ms)
			RebuildScriptCaches (45ms)
			SetupLoadedEditorAssemblies (552ms)
				LogAssemblyErrors (0ms)
				InitializePlatformSupportModulesInManaged (20ms)
				SetLoadedEditorAssemblies (10ms)
				RefreshPlugins (1ms)
				BeforeProcessingInitializeOnLoad (117ms)
				ProcessInitializeOnLoadAttributes (358ms)
				ProcessInitializeOnLoadMethodAttributes (33ms)
				AfterProcessingInitializeOnLoad (12ms)
				EditorAssembliesLoaded (0ms)
			ExecutionOrderSort2 (0ms)
			AwakeInstancesAfterBackupRestoration (11ms)
Platform modules already initialized, skipping
Refreshing native plugins compatible for Editor in 159.87 ms, found 2 plugins.
Preloading 0 native plugins for Editor in 0.00 ms.
Unloading 2037 Unused Serialized files (Serialized files now loaded: 0)
Unloading 14 unused Assets / (25.4 KB). Loaded Objects now: 2593.
Memory consumption went from 351.9 MB to 351.9 MB.
Total: 7.074500 ms (FindLiveObjects: 0.219100 ms CreateObjectMapping: 0.176400 ms MarkObjects: 6.639300 ms  DeleteObjects: 0.038400 ms)

AssetImportParameters requested are different than current active one (requested -> active):
  custom:video-decoder-ogg-theora: a1e56fd34408186e4bbccfd4996cb3dc -> 
  custom:container-muxer-webm: aa71ff27fc2769a1b78a27578f13a17b -> 
  custom:container-demuxer-webm: 4f35f7cbe854078d1ac9338744f61a02 -> 
  custom:video-encoder-webm-vp8: eb34c28f22e8b96e1ab97ce403110664 -> 
  custom:audio-encoder-webm-vorbis: bf7c407c2cedff20999df2af8eb42d56 -> 
  custom:framework-win-MediaFoundation: 216162199b28c13a410421893ffa2e32 -> 
  custom:container-demuxer-ogg: 62fdf1f143b41e24485cea50d1cbac27 -> 
  custom:video-decoder-webm-vp8: 9c59270c3fd7afecdb556c50c9e8de78 -> 
  custom:audio-decoder-ogg-vorbis: bf7c407c2cedff20999df2af8eb42d56 -> 
========================================================================
Received Prepare
Registering precompiled user dll's ...
Registered in 4.517810 seconds.
Begin MonoManager ReloadAssembly
Native extension for WindowsStandalone target not found
Native extension for WebGL target not found
Refreshing native plugins compatible for Editor in 0.51 ms, found 2 plugins.
Preloading 0 native plugins for Editor in 0.00 ms.
Mono: successfully reloaded assembly
- Completed reload, in  7.142 seconds
Domain Reload Profiling:
	ReloadAssembly (7143ms)
		BeginReloadAssembly (148ms)
			ExecutionOrderSort (0ms)
			DisableScriptedObjects (7ms)
			BackupInstance (0ms)
			ReleaseScriptingObjects (0ms)
			CreateAndSetChildDomain (33ms)
		EndReloadAssembly (6884ms)
			LoadAssemblies (6084ms)
			RebuildTransferFunctionScriptingTraits (0ms)
			SetupTypeCache (222ms)
				TypeCache.Initialize (219ms)
					TypeCache.ScanAssembly (214ms)
				ResolveRequiredComponents (3ms)
			ReleaseScriptCaches (1ms)
			RebuildScriptCaches (43ms)
			SetupLoadedEditorAssemblies (474ms)
				LogAssemblyErrors (0ms)
				InitializePlatformSupportModulesInManaged (19ms)
				SetLoadedEditorAssemblies (7ms)
				RefreshPlugins (1ms)
				BeforeProcessingInitializeOnLoad (74ms)
				ProcessInitializeOnLoadAttributes (326ms)
				ProcessInitializeOnLoadMethodAttributes (37ms)
				AfterProcessingInitializeOnLoad (10ms)
				EditorAssembliesLoaded (0ms)
			ExecutionOrderSort2 (0ms)
			AwakeInstancesAfterBackupRestoration (8ms)
Platform modules already initialized, skipping
Refreshing native plugins compatible for Editor in 121.26 ms, found 2 plugins.
Preloading 0 native plugins for Editor in 0.00 ms.
Unloading 2038 Unused Serialized files (Serialized files now loaded: 0)
Unloading 14 unused Assets / (32.5 KB). Loaded Objects now: 2596.
Memory consumption went from 352.1 MB to 352.1 MB.
Total: 2.980800 ms (FindLiveObjects: 0.185700 ms CreateObjectMapping: 0.073100 ms MarkObjects: 2.685200 ms  DeleteObjects: 0.035900 ms)

AssetImportParameters requested are different than current active one (requested -> active):
  custom:video-decoder-ogg-theora: a1e56fd34408186e4bbccfd4996cb3dc -> 
  custom:container-muxer-webm: aa71ff27fc2769a1b78a27578f13a17b -> 
  custom:container-demuxer-webm: 4f35f7cbe854078d1ac9338744f61a02 -> 
  custom:video-encoder-webm-vp8: eb34c28f22e8b96e1ab97ce403110664 -> 
  custom:audio-encoder-webm-vorbis: bf7c407c2cedff20999df2af8eb42d56 -> 
  custom:framework-win-MediaFoundation: 216162199b28c13a410421893ffa2e32 -> 
  custom:container-demuxer-ogg: 62fdf1f143b41e24485cea50d1cbac27 -> 
  custom:video-decoder-webm-vp8: 9c59270c3fd7afecdb556c50c9e8de78 -> 
  custom:audio-decoder-ogg-vorbis: bf7c407c2cedff20999df2af8eb42d56 -> 
========================================================================
Received Prepare
Registering precompiled user dll's ...
Registered in 3.949136 seconds.
Begin MonoManager ReloadAssembly
Native extension for WindowsStandalone target not found
Native extension for WebGL target not found
Refreshing native plugins compatible for Editor in 0.49 ms, found 2 plugins.
Preloading 0 native plugins for Editor in 0.00 ms.
Mono: successfully reloaded assembly
- Completed reload, in  7.345 seconds
Domain Reload Profiling:
	ReloadAssembly (7346ms)
		BeginReloadAssembly (186ms)
			ExecutionOrderSort (0ms)
			DisableScriptedObjects (9ms)
			BackupInstance (0ms)
			ReleaseScriptingObjects (0ms)
			CreateAndSetChildDomain (43ms)
		EndReloadAssembly (7015ms)
			LoadAssemblies (6201ms)
			RebuildTransferFunctionScriptingTraits (0ms)
			SetupTypeCache (244ms)
				TypeCache.Initialize (240ms)
					TypeCache.ScanAssembly (236ms)
				ResolveRequiredComponents (4ms)
			ReleaseScriptCaches (1ms)
			RebuildScriptCaches (41ms)
			SetupLoadedEditorAssemblies (464ms)
				LogAssemblyErrors (0ms)
				InitializePlatformSupportModulesInManaged (17ms)
				SetLoadedEditorAssemblies (8ms)
				RefreshPlugins (6ms)
				BeforeProcessingInitializeOnLoad (90ms)
				ProcessInitializeOnLoadAttributes (305ms)
				ProcessInitializeOnLoadMethodAttributes (29ms)
				AfterProcessingInitializeOnLoad (9ms)
				EditorAssembliesLoaded (0ms)
			ExecutionOrderSort2 (0ms)
			AwakeInstancesAfterBackupRestoration (9ms)
Platform modules already initialized, skipping
Refreshing native plugins compatible for Editor in 124.33 ms, found 2 plugins.
Preloading 0 native plugins for Editor in 0.00 ms.
Unloading 2038 Unused Serialized files (Serialized files now loaded: 0)
Unloading 14 unused Assets / (32.6 KB). Loaded Objects now: 2599.
Memory consumption went from 352.2 MB to 352.1 MB.
Total: 3.118700 ms (FindLiveObjects: 0.170400 ms CreateObjectMapping: 0.074100 ms MarkObjects: 2.832200 ms  DeleteObjects: 0.026700 ms)

AssetImportParameters requested are different than current active one (requested -> active):
  custom:video-decoder-ogg-theora: a1e56fd34408186e4bbccfd4996cb3dc -> 
  custom:container-muxer-webm: aa71ff27fc2769a1b78a27578f13a17b -> 
  custom:container-demuxer-webm: 4f35f7cbe854078d1ac9338744f61a02 -> 
  custom:video-encoder-webm-vp8: eb34c28f22e8b96e1ab97ce403110664 -> 
  custom:audio-encoder-webm-vorbis: bf7c407c2cedff20999df2af8eb42d56 -> 
  custom:framework-win-MediaFoundation: 216162199b28c13a410421893ffa2e32 -> 
  custom:container-demuxer-ogg: 62fdf1f143b41e24485cea50d1cbac27 -> 
  custom:video-decoder-webm-vp8: 9c59270c3fd7afecdb556c50c9e8de78 -> 
  custom:audio-decoder-ogg-vorbis: bf7c407c2cedff20999df2af8eb42d56 -> 
========================================================================
Received Prepare
Registering precompiled user dll's ...
Registered in 4.552778 seconds.
Begin MonoManager ReloadAssembly
Native extension for WindowsStandalone target not found
Native extension for WebGL target not found
Refreshing native plugins compatible for Editor in 0.70 ms, found 2 plugins.
Preloading 0 native plugins for Editor in 0.00 ms.
Mono: successfully reloaded assembly
- Completed reload, in  7.097 seconds
Domain Reload Profiling:
	ReloadAssembly (7099ms)
		BeginReloadAssembly (153ms)
			ExecutionOrderSort (0ms)
			DisableScriptedObjects (6ms)
			BackupInstance (0ms)
			ReleaseScriptingObjects (0ms)
			CreateAndSetChildDomain (36ms)
		EndReloadAssembly (6826ms)
			LoadAssemblies (6026ms)
			RebuildTransferFunctionScriptingTraits (0ms)
			SetupTypeCache (219ms)
				TypeCache.Initialize (216ms)
					TypeCache.ScanAssembly (212ms)
				ResolveRequiredComponents (3ms)
			ReleaseScriptCaches (1ms)
			RebuildScriptCaches (41ms)
			SetupLoadedEditorAssemblies (477ms)
				LogAssemblyErrors (0ms)
				InitializePlatformSupportModulesInManaged (15ms)
				SetLoadedEditorAssemblies (7ms)
				RefreshPlugins (1ms)
				BeforeProcessingInitializeOnLoad (72ms)
				ProcessInitializeOnLoadAttributes (337ms)
				ProcessInitializeOnLoadMethodAttributes (34ms)
				AfterProcessingInitializeOnLoad (10ms)
				EditorAssembliesLoaded (0ms)
			ExecutionOrderSort2 (0ms)
			AwakeInstancesAfterBackupRestoration (10ms)
Platform modules already initialized, skipping
Refreshing native plugins compatible for Editor in 123.25 ms, found 2 plugins.
Preloading 0 native plugins for Editor in 0.00 ms.
Unloading 2038 Unused Serialized files (Serialized files now loaded: 0)
Unloading 14 unused Assets / (32.6 KB). Loaded Objects now: 2602.
Memory consumption went from 352.2 MB to 352.1 MB.
Total: 3.572000 ms (FindLiveObjects: 0.149900 ms CreateObjectMapping: 0.069800 ms MarkObjects: 3.327300 ms  DeleteObjects: 0.024000 ms)

AssetImportParameters requested are different than current active one (requested -> active):
  custom:video-decoder-ogg-theora: a1e56fd34408186e4bbccfd4996cb3dc -> 
  custom:container-muxer-webm: aa71ff27fc2769a1b78a27578f13a17b -> 
  custom:container-demuxer-webm: 4f35f7cbe854078d1ac9338744f61a02 -> 
  custom:video-encoder-webm-vp8: eb34c28f22e8b96e1ab97ce403110664 -> 
  custom:audio-encoder-webm-vorbis: bf7c407c2cedff20999df2af8eb42d56 -> 
  custom:framework-win-MediaFoundation: 216162199b28c13a410421893ffa2e32 -> 
  custom:container-demuxer-ogg: 62fdf1f143b41e24485cea50d1cbac27 -> 
  custom:video-decoder-webm-vp8: 9c59270c3fd7afecdb556c50c9e8de78 -> 
  custom:audio-decoder-ogg-vorbis: bf7c407c2cedff20999df2af8eb42d56 -> 
========================================================================
Received Prepare
Registering precompiled user dll's ...
Registered in 4.039886 seconds.
Begin MonoManager ReloadAssembly
Native extension for WindowsStandalone target not found
Native extension for WebGL target not found
Refreshing native plugins compatible for Editor in 0.51 ms, found 2 plugins.
Preloading 0 native plugins for Editor in 0.00 ms.
Mono: successfully reloaded assembly
- Completed reload, in  7.326 seconds
Domain Reload Profiling:
	ReloadAssembly (7327ms)
		BeginReloadAssembly (141ms)
			ExecutionOrderSort (0ms)
			DisableScriptedObjects (6ms)
			BackupInstance (0ms)
			ReleaseScriptingObjects (0ms)
			CreateAndSetChildDomain (31ms)
		EndReloadAssembly (7069ms)
			LoadAssemblies (6263ms)
			RebuildTransferFunctionScriptingTraits (0ms)
			SetupTypeCache (229ms)
				TypeCache.Initialize (226ms)
					TypeCache.ScanAssembly (222ms)
				ResolveRequiredComponents (3ms)
			ReleaseScriptCaches (1ms)
			RebuildScriptCaches (44ms)
			SetupLoadedEditorAssemblies (443ms)
				LogAssemblyErrors (0ms)
				InitializePlatformSupportModulesInManaged (18ms)
				SetLoadedEditorAssemblies (10ms)
				RefreshPlugins (1ms)
				BeforeProcessingInitializeOnLoad (96ms)
				ProcessInitializeOnLoadAttributes (283ms)
				ProcessInitializeOnLoadMethodAttributes (26ms)
				AfterProcessingInitializeOnLoad (9ms)
				EditorAssembliesLoaded (0ms)
			ExecutionOrderSort2 (0ms)
			AwakeInstancesAfterBackupRestoration (8ms)
Platform modules already initialized, skipping
Refreshing native plugins compatible for Editor in 125.36 ms, found 2 plugins.
Preloading 0 native plugins for Editor in 0.00 ms.
Unloading 2038 Unused Serialized files (Serialized files now loaded: 0)
Unloading 14 unused Assets / (32.6 KB). Loaded Objects now: 2605.
Memory consumption went from 352.1 MB to 352.0 MB.
Total: 3.866300 ms (FindLiveObjects: 0.270500 ms CreateObjectMapping: 0.180000 ms MarkObjects: 3.385100 ms  DeleteObjects: 0.029500 ms)

AssetImportParameters requested are different than current active one (requested -> active):
  custom:video-decoder-ogg-theora: a1e56fd34408186e4bbccfd4996cb3dc -> 
  custom:container-muxer-webm: aa71ff27fc2769a1b78a27578f13a17b -> 
  custom:container-demuxer-webm: 4f35f7cbe854078d1ac9338744f61a02 -> 
  custom:video-encoder-webm-vp8: eb34c28f22e8b96e1ab97ce403110664 -> 
  custom:audio-encoder-webm-vorbis: bf7c407c2cedff20999df2af8eb42d56 -> 
  custom:framework-win-MediaFoundation: 216162199b28c13a410421893ffa2e32 -> 
  custom:container-demuxer-ogg: 62fdf1f143b41e24485cea50d1cbac27 -> 
  custom:video-decoder-webm-vp8: 9c59270c3fd7afecdb556c50c9e8de78 -> 
  custom:audio-decoder-ogg-vorbis: bf7c407c2cedff20999df2af8eb42d56 -> 
========================================================================
Received Prepare
Registering precompiled user dll's ...
Registered in 6.679896 seconds.
Begin MonoManager ReloadAssembly
Native extension for WindowsStandalone target not found
Native extension for WebGL target not found
Refreshing native plugins compatible for Editor in 0.52 ms, found 2 plugins.
Preloading 0 native plugins for Editor in 0.00 ms.
Mono: successfully reloaded assembly
- Completed reload, in  8.110 seconds
Domain Reload Profiling:
	ReloadAssembly (8110ms)
		BeginReloadAssembly (229ms)
			ExecutionOrderSort (0ms)
			DisableScriptedObjects (8ms)
			BackupInstance (0ms)
			ReleaseScriptingObjects (0ms)
			CreateAndSetChildDomain (44ms)
		EndReloadAssembly (7692ms)
			LoadAssemblies (6757ms)
			RebuildTransferFunctionScriptingTraits (0ms)
			SetupTypeCache (327ms)
				TypeCache.Initialize (322ms)
					TypeCache.ScanAssembly (316ms)
				ResolveRequiredComponents (5ms)
			ReleaseScriptCaches (1ms)
			RebuildScriptCaches (61ms)
			SetupLoadedEditorAssemblies (472ms)
				LogAssemblyErrors (0ms)
				InitializePlatformSupportModulesInManaged (20ms)
				SetLoadedEditorAssemblies (9ms)
				RefreshPlugins (1ms)
				BeforeProcessingInitializeOnLoad (77ms)
				ProcessInitializeOnLoadAttributes (329ms)
				ProcessInitializeOnLoadMethodAttributes (26ms)
				AfterProcessingInitializeOnLoad (9ms)
				EditorAssembliesLoaded (0ms)
			ExecutionOrderSort2 (0ms)
			AwakeInstancesAfterBackupRestoration (9ms)
Platform modules already initialized, skipping
Refreshing native plugins compatible for Editor in 105.80 ms, found 2 plugins.
Preloading 0 native plugins for Editor in 0.00 ms.
Unloading 2038 Unused Serialized files (Serialized files now loaded: 0)
Unloading 14 unused Assets / (32.7 KB). Loaded Objects now: 2608.
Memory consumption went from 352.2 MB to 352.1 MB.
Total: 3.526700 ms (FindLiveObjects: 0.162900 ms CreateObjectMapping: 0.071700 ms MarkObjects: 3.251900 ms  DeleteObjects: 0.039200 ms)

AssetImportParameters requested are different than current active one (requested -> active):
  custom:video-decoder-ogg-theora: a1e56fd34408186e4bbccfd4996cb3dc -> 
  custom:container-muxer-webm: aa71ff27fc2769a1b78a27578f13a17b -> 
  custom:container-demuxer-webm: 4f35f7cbe854078d1ac9338744f61a02 -> 
  custom:video-encoder-webm-vp8: eb34c28f22e8b96e1ab97ce403110664 -> 
  custom:audio-encoder-webm-vorbis: bf7c407c2cedff20999df2af8eb42d56 -> 
  custom:framework-win-MediaFoundation: 216162199b28c13a410421893ffa2e32 -> 
  custom:container-demuxer-ogg: 62fdf1f143b41e24485cea50d1cbac27 -> 
  custom:video-decoder-webm-vp8: 9c59270c3fd7afecdb556c50c9e8de78 -> 
  custom:audio-decoder-ogg-vorbis: bf7c407c2cedff20999df2af8eb42d56 -> 
========================================================================
Received Import Request.
  Time since last request: 354.110564 seconds.
  path: Assets/Resources/RoomStuff/SpawnArea.prefab
  artifactKey: Guid(0d31a3fd0aa8294419842da5380b92e0) Importer(815301076,1909f56bfc062723c751e8b465ee728b)
Start importing Assets/Resources/RoomStuff/SpawnArea.prefab using Guid(0d31a3fd0aa8294419842da5380b92e0) Importer(815301076,1909f56bfc062723c751e8b465ee728b)  -> (artifact id: '52b4b6db51d6f023ec172a6b26c196d0') in 0.080806 seconds 
========================================================================
Received Prepare
Registering precompiled user dll's ...
Registered in 5.439546 seconds.
Begin MonoManager ReloadAssembly
Native extension for WindowsStandalone target not found
Native extension for WebGL target not found
Refreshing native plugins compatible for Editor in 0.64 ms, found 2 plugins.
Preloading 0 native plugins for Editor in 0.00 ms.
Mono: successfully reloaded assembly
- Completed reload, in  9.492 seconds
Domain Reload Profiling:
	ReloadAssembly (9493ms)
		BeginReloadAssembly (192ms)
			ExecutionOrderSort (0ms)
			DisableScriptedObjects (9ms)
			BackupInstance (0ms)
			ReleaseScriptingObjects (0ms)
			CreateAndSetChildDomain (45ms)
		EndReloadAssembly (9088ms)
			LoadAssemblies (7956ms)
			RebuildTransferFunctionScriptingTraits (0ms)
			SetupTypeCache (347ms)
				TypeCache.Initialize (323ms)
					TypeCache.ScanAssembly (318ms)
				ResolveRequiredComponents (24ms)
			ReleaseScriptCaches (2ms)
			RebuildScriptCaches (103ms)
			SetupLoadedEditorAssemblies (541ms)
				LogAssemblyErrors (0ms)
				InitializePlatformSupportModulesInManaged (22ms)
				SetLoadedEditorAssemblies (10ms)
				RefreshPlugins (1ms)
				BeforeProcessingInitializeOnLoad (85ms)
				ProcessInitializeOnLoadAttributes (374ms)
				ProcessInitializeOnLoadMethodAttributes (36ms)
				AfterProcessingInitializeOnLoad (13ms)
				EditorAssembliesLoaded (0ms)
			ExecutionOrderSort2 (0ms)
			AwakeInstancesAfterBackupRestoration (13ms)
Platform modules already initialized, skipping
Refreshing native plugins compatible for Editor in 153.20 ms, found 2 plugins.
Preloading 0 native plugins for Editor in 0.00 ms.
Unloading 2037 Unused Serialized files (Serialized files now loaded: 0)
Unloading 14 unused Assets / (25.5 KB). Loaded Objects now: 2611.
Memory consumption went from 351.9 MB to 351.9 MB.
Total: 3.778400 ms (FindLiveObjects: 0.281100 ms CreateObjectMapping: 0.142400 ms MarkObjects: 3.326800 ms  DeleteObjects: 0.027100 ms)

AssetImportParameters requested are different than current active one (requested -> active):
  custom:video-decoder-ogg-theora: a1e56fd34408186e4bbccfd4996cb3dc -> 
  custom:container-muxer-webm: aa71ff27fc2769a1b78a27578f13a17b -> 
  custom:container-demuxer-webm: 4f35f7cbe854078d1ac9338744f61a02 -> 
  custom:video-encoder-webm-vp8: eb34c28f22e8b96e1ab97ce403110664 -> 
  custom:audio-encoder-webm-vorbis: bf7c407c2cedff20999df2af8eb42d56 -> 
  custom:framework-win-MediaFoundation: 216162199b28c13a410421893ffa2e32 -> 
  custom:container-demuxer-ogg: 62fdf1f143b41e24485cea50d1cbac27 -> 
  custom:video-decoder-webm-vp8: 9c59270c3fd7afecdb556c50c9e8de78 -> 
  custom:audio-decoder-ogg-vorbis: bf7c407c2cedff20999df2af8eb42d56 -> 
========================================================================
Received Prepare
Registering precompiled user dll's ...
Registered in 4.226132 seconds.
Begin MonoManager ReloadAssembly
Native extension for WindowsStandalone target not found
Native extension for WebGL target not found
Refreshing native plugins compatible for Editor in 0.48 ms, found 2 plugins.
Preloading 0 native plugins for Editor in 0.00 ms.
Mono: successfully reloaded assembly
- Completed reload, in  7.422 seconds
Domain Reload Profiling:
	ReloadAssembly (7423ms)
		BeginReloadAssembly (176ms)
			ExecutionOrderSort (0ms)
			DisableScriptedObjects (6ms)
			BackupInstance (0ms)
			ReleaseScriptingObjects (0ms)
			CreateAndSetChildDomain (44ms)
		EndReloadAssembly (7116ms)
			LoadAssemblies (6308ms)
			RebuildTransferFunctionScriptingTraits (0ms)
			SetupTypeCache (234ms)
				TypeCache.Initialize (231ms)
					TypeCache.ScanAssembly (227ms)
				ResolveRequiredComponents (3ms)
			ReleaseScriptCaches (1ms)
			RebuildScriptCaches (39ms)
			SetupLoadedEditorAssemblies (474ms)
				LogAssemblyErrors (0ms)
				InitializePlatformSupportModulesInManaged (15ms)
				SetLoadedEditorAssemblies (7ms)
				RefreshPlugins (1ms)
				BeforeProcessingInitializeOnLoad (107ms)
				ProcessInitializeOnLoadAttributes (304ms)
				ProcessInitializeOnLoadMethodAttributes (31ms)
				AfterProcessingInitializeOnLoad (10ms)
				EditorAssembliesLoaded (0ms)
			ExecutionOrderSort2 (0ms)
			AwakeInstancesAfterBackupRestoration (8ms)
Platform modules already initialized, skipping
Refreshing native plugins compatible for Editor in 123.77 ms, found 2 plugins.
Preloading 0 native plugins for Editor in 0.00 ms.
Unloading 2038 Unused Serialized files (Serialized files now loaded: 0)
Unloading 14 unused Assets / (32.6 KB). Loaded Objects now: 2614.
Memory consumption went from 352.2 MB to 352.2 MB.
Total: 3.449000 ms (FindLiveObjects: 0.207200 ms CreateObjectMapping: 0.080500 ms MarkObjects: 3.132000 ms  DeleteObjects: 0.027500 ms)

AssetImportParameters requested are different than current active one (requested -> active):
  custom:video-decoder-ogg-theora: a1e56fd34408186e4bbccfd4996cb3dc -> 
  custom:container-muxer-webm: aa71ff27fc2769a1b78a27578f13a17b -> 
  custom:container-demuxer-webm: 4f35f7cbe854078d1ac9338744f61a02 -> 
  custom:video-encoder-webm-vp8: eb34c28f22e8b96e1ab97ce403110664 -> 
  custom:audio-encoder-webm-vorbis: bf7c407c2cedff20999df2af8eb42d56 -> 
  custom:framework-win-MediaFoundation: 216162199b28c13a410421893ffa2e32 -> 
  custom:container-demuxer-ogg: 62fdf1f143b41e24485cea50d1cbac27 -> 
  custom:video-decoder-webm-vp8: 9c59270c3fd7afecdb556c50c9e8de78 -> 
  custom:audio-decoder-ogg-vorbis: bf7c407c2cedff20999df2af8eb42d56 -> 
========================================================================
Received Import Request.
  Time since last request: 238.888237 seconds.
  path: Assets/Resources/Prefabs/Traps/Turret.prefab
  artifactKey: Guid(0df17714a1b4e814eb2a8b1d213f1545) Importer(815301076,1909f56bfc062723c751e8b465ee728b)
Start importing Assets/Resources/Prefabs/Traps/Turret.prefab using Guid(0df17714a1b4e814eb2a8b1d213f1545) Importer(815301076,1909f56bfc062723c751e8b465ee728b)  -> (artifact id: '5a92fbd63ee89c286b1da75d55bfa405') in 0.171984 seconds 
========================================================================
Received Prepare
Registering precompiled user dll's ...
Registered in 5.804703 seconds.
Begin MonoManager ReloadAssembly
Native extension for WindowsStandalone target not found
Native extension for WebGL target not found
Refreshing native plugins compatible for Editor in 0.51 ms, found 2 plugins.
Preloading 0 native plugins for Editor in 0.00 ms.
Mono: successfully reloaded assembly
- Completed reload, in  9.371 seconds
Domain Reload Profiling:
	ReloadAssembly (9372ms)
		BeginReloadAssembly (242ms)
			ExecutionOrderSort (0ms)
			DisableScriptedObjects (7ms)
			BackupInstance (0ms)
			ReleaseScriptingObjects (0ms)
			CreateAndSetChildDomain (51ms)
		EndReloadAssembly (8965ms)
			LoadAssemblies (7930ms)
			RebuildTransferFunctionScriptingTraits (0ms)
			SetupTypeCache (321ms)
				TypeCache.Initialize (317ms)
					TypeCache.ScanAssembly (310ms)
				ResolveRequiredComponents (4ms)
			ReleaseScriptCaches (1ms)
			RebuildScriptCaches (61ms)
			SetupLoadedEditorAssemblies (580ms)
				LogAssemblyErrors (0ms)
				InitializePlatformSupportModulesInManaged (23ms)
				SetLoadedEditorAssemblies (11ms)
				RefreshPlugins (1ms)
				BeforeProcessingInitializeOnLoad (81ms)
				ProcessInitializeOnLoadAttributes (419ms)
				ProcessInitializeOnLoadMethodAttributes (34ms)
				AfterProcessingInitializeOnLoad (12ms)
				EditorAssembliesLoaded (0ms)
			ExecutionOrderSort2 (0ms)
			AwakeInstancesAfterBackupRestoration (11ms)
Platform modules already initialized, skipping
Refreshing native plugins compatible for Editor in 135.99 ms, found 2 plugins.
Preloading 0 native plugins for Editor in 0.00 ms.
Unloading 2037 Unused Serialized files (Serialized files now loaded: 0)
Unloading 13 unused Assets / (24.6 KB). Loaded Objects now: 2618.
Memory consumption went from 352.0 MB to 351.9 MB.
Total: 4.083900 ms (FindLiveObjects: 0.235900 ms CreateObjectMapping: 0.101300 ms MarkObjects: 3.706300 ms  DeleteObjects: 0.038800 ms)

AssetImportParameters requested are different than current active one (requested -> active):
  custom:video-decoder-ogg-theora: a1e56fd34408186e4bbccfd4996cb3dc -> 
  custom:container-muxer-webm: aa71ff27fc2769a1b78a27578f13a17b -> 
  custom:container-demuxer-webm: 4f35f7cbe854078d1ac9338744f61a02 -> 
  custom:video-encoder-webm-vp8: eb34c28f22e8b96e1ab97ce403110664 -> 
  custom:audio-encoder-webm-vorbis: bf7c407c2cedff20999df2af8eb42d56 -> 
  custom:framework-win-MediaFoundation: 216162199b28c13a410421893ffa2e32 -> 
  custom:container-demuxer-ogg: 62fdf1f143b41e24485cea50d1cbac27 -> 
  custom:video-decoder-webm-vp8: 9c59270c3fd7afecdb556c50c9e8de78 -> 
  custom:audio-decoder-ogg-vorbis: bf7c407c2cedff20999df2af8eb42d56 -> 
========================================================================
Received Import Request.
  Time since last request: 141.160486 seconds.
  path: Assets/Scripts/WinCon.cs
  artifactKey: Guid(f3e98161ff346c844aa71d97dc6295cf) Importer(815301076,1909f56bfc062723c751e8b465ee728b)
Start importing Assets/Scripts/WinCon.cs using Guid(f3e98161ff346c844aa71d97dc6295cf) Importer(815301076,1909f56bfc062723c751e8b465ee728b)  -> (artifact id: 'dce00724c071c3d7bb755e2b6872409f') in 0.059982 seconds 
========================================================================
Received Prepare
Registering precompiled user dll's ...
Registered in 4.724169 seconds.
Begin MonoManager ReloadAssembly
Native extension for WindowsStandalone target not found
Native extension for WebGL target not found
Refreshing native plugins compatible for Editor in 0.58 ms, found 2 plugins.
Preloading 0 native plugins for Editor in 0.00 ms.
Mono: successfully reloaded assembly
- Completed reload, in  7.367 seconds
Domain Reload Profiling:
	ReloadAssembly (7368ms)
		BeginReloadAssembly (150ms)
			ExecutionOrderSort (0ms)
			DisableScriptedObjects (8ms)
			BackupInstance (0ms)
			ReleaseScriptingObjects (0ms)
			CreateAndSetChildDomain (32ms)
		EndReloadAssembly (7090ms)
			LoadAssemblies (6272ms)
			RebuildTransferFunctionScriptingTraits (0ms)
			SetupTypeCache (256ms)
				TypeCache.Initialize (251ms)
					TypeCache.ScanAssembly (246ms)
				ResolveRequiredComponents (5ms)
			ReleaseScriptCaches (1ms)
			RebuildScriptCaches (47ms)
			SetupLoadedEditorAssemblies (458ms)
				LogAssemblyErrors (0ms)
				InitializePlatformSupportModulesInManaged (21ms)
				SetLoadedEditorAssemblies (8ms)
				RefreshPlugins (1ms)
				BeforeProcessingInitializeOnLoad (73ms)
				ProcessInitializeOnLoadAttributes (317ms)
				ProcessInitializeOnLoadMethodAttributes (29ms)
				AfterProcessingInitializeOnLoad (10ms)
				EditorAssembliesLoaded (0ms)
			ExecutionOrderSort2 (0ms)
			AwakeInstancesAfterBackupRestoration (8ms)
Platform modules already initialized, skipping
Refreshing native plugins compatible for Editor in 144.81 ms, found 2 plugins.
Preloading 0 native plugins for Editor in 0.00 ms.
Unloading 2038 Unused Serialized files (Serialized files now loaded: 0)
Unloading 13 unused Assets / (24.6 KB). Loaded Objects now: 2622.
Memory consumption went from 352.0 MB to 352.0 MB.
Total: 3.381500 ms (FindLiveObjects: 0.156100 ms CreateObjectMapping: 0.063000 ms MarkObjects: 3.126100 ms  DeleteObjects: 0.035500 ms)

AssetImportParameters requested are different than current active one (requested -> active):
  custom:video-decoder-ogg-theora: a1e56fd34408186e4bbccfd4996cb3dc -> 
  custom:container-muxer-webm: aa71ff27fc2769a1b78a27578f13a17b -> 
  custom:container-demuxer-webm: 4f35f7cbe854078d1ac9338744f61a02 -> 
  custom:video-encoder-webm-vp8: eb34c28f22e8b96e1ab97ce403110664 -> 
  custom:audio-encoder-webm-vorbis: bf7c407c2cedff20999df2af8eb42d56 -> 
  custom:framework-win-MediaFoundation: 216162199b28c13a410421893ffa2e32 -> 
  custom:container-demuxer-ogg: 62fdf1f143b41e24485cea50d1cbac27 -> 
  custom:video-decoder-webm-vp8: 9c59270c3fd7afecdb556c50c9e8de78 -> 
  custom:audio-decoder-ogg-vorbis: bf7c407c2cedff20999df2af8eb42d56 -> 
========================================================================
Received Import Request.
  Time since last request: 376.194688 seconds.
  path: Assets/Scripts/WinCon.cs
  artifactKey: Guid(f3e98161ff346c844aa71d97dc6295cf) Importer(815301076,1909f56bfc062723c751e8b465ee728b)
Start importing Assets/Scripts/WinCon.cs using Guid(f3e98161ff346c844aa71d97dc6295cf) Importer(815301076,1909f56bfc062723c751e8b465ee728b)  -> (artifact id: '9115f2b0fd0df43adcbf058dc5e1c833') in 0.025421 seconds 
========================================================================
Received Prepare
Registering precompiled user dll's ...
Registered in 4.375577 seconds.
Begin MonoManager ReloadAssembly
Native extension for WindowsStandalone target not found
Native extension for WebGL target not found
Refreshing native plugins compatible for Editor in 0.48 ms, found 2 plugins.
Preloading 0 native plugins for Editor in 0.00 ms.
Mono: successfully reloaded assembly
- Completed reload, in  6.946 seconds
Domain Reload Profiling:
	ReloadAssembly (6947ms)
		BeginReloadAssembly (195ms)
			ExecutionOrderSort (0ms)
			DisableScriptedObjects (9ms)
			BackupInstance (0ms)
			ReleaseScriptingObjects (0ms)
			CreateAndSetChildDomain (37ms)
		EndReloadAssembly (6636ms)
			LoadAssemblies (5878ms)
			RebuildTransferFunctionScriptingTraits (0ms)
			SetupTypeCache (218ms)
				TypeCache.Initialize (213ms)
					TypeCache.ScanAssembly (206ms)
				ResolveRequiredComponents (5ms)
			ReleaseScriptCaches (1ms)
			RebuildScriptCaches (48ms)
			SetupLoadedEditorAssemblies (442ms)
				LogAssemblyErrors (0ms)
				InitializePlatformSupportModulesInManaged (16ms)
				SetLoadedEditorAssemblies (8ms)
				RefreshPlugins (1ms)
				BeforeProcessingInitializeOnLoad (69ms)
				ProcessInitializeOnLoadAttributes (310ms)
				ProcessInitializeOnLoadMethodAttributes (27ms)
				AfterProcessingInitializeOnLoad (10ms)
				EditorAssembliesLoaded (0ms)
			ExecutionOrderSort2 (0ms)
			AwakeInstancesAfterBackupRestoration (8ms)
Platform modules already initialized, skipping
Refreshing native plugins compatible for Editor in 131.37 ms, found 2 plugins.
Preloading 0 native plugins for Editor in 0.00 ms.
Unloading 2038 Unused Serialized files (Serialized files now loaded: 0)
Unloading 13 unused Assets / (24.6 KB). Loaded Objects now: 2625.
Memory consumption went from 352.1 MB to 352.1 MB.
Total: 3.588600 ms (FindLiveObjects: 0.155600 ms CreateObjectMapping: 0.063800 ms MarkObjects: 3.332100 ms  DeleteObjects: 0.036300 ms)

AssetImportParameters requested are different than current active one (requested -> active):
  custom:video-decoder-ogg-theora: a1e56fd34408186e4bbccfd4996cb3dc -> 
  custom:container-muxer-webm: aa71ff27fc2769a1b78a27578f13a17b -> 
  custom:container-demuxer-webm: 4f35f7cbe854078d1ac9338744f61a02 -> 
  custom:video-encoder-webm-vp8: eb34c28f22e8b96e1ab97ce403110664 -> 
  custom:audio-encoder-webm-vorbis: bf7c407c2cedff20999df2af8eb42d56 -> 
  custom:framework-win-MediaFoundation: 216162199b28c13a410421893ffa2e32 -> 
  custom:container-demuxer-ogg: 62fdf1f143b41e24485cea50d1cbac27 -> 
  custom:video-decoder-webm-vp8: 9c59270c3fd7afecdb556c50c9e8de78 -> 
  custom:audio-decoder-ogg-vorbis: bf7c407c2cedff20999df2af8eb42d56 -> 
========================================================================
Received Import Request.
  Time since last request: 262.136297 seconds.
  path: Assets/Scripts/WinCon.cs
  artifactKey: Guid(f3e98161ff346c844aa71d97dc6295cf) Importer(815301076,1909f56bfc062723c751e8b465ee728b)
Start importing Assets/Scripts/WinCon.cs using Guid(f3e98161ff346c844aa71d97dc6295cf) Importer(815301076,1909f56bfc062723c751e8b465ee728b)  -> (artifact id: 'df3f1117a5f7ea30bf02d983060efd57') in 0.026214 seconds 
========================================================================
Received Prepare
Registering precompiled user dll's ...
Registered in 4.036820 seconds.
Begin MonoManager ReloadAssembly
Native extension for WindowsStandalone target not found
Native extension for WebGL target not found
Refreshing native plugins compatible for Editor in 0.67 ms, found 2 plugins.
Preloading 0 native plugins for Editor in 0.00 ms.
Mono: successfully reloaded assembly
- Completed reload, in  9.805 seconds
Domain Reload Profiling:
	ReloadAssembly (9806ms)
		BeginReloadAssembly (162ms)
			ExecutionOrderSort (0ms)
			DisableScriptedObjects (6ms)
			BackupInstance (0ms)
			ReleaseScriptingObjects (0ms)
			CreateAndSetChildDomain (35ms)
		EndReloadAssembly (9525ms)
			LoadAssemblies (6451ms)
			RebuildTransferFunctionScriptingTraits (0ms)
			SetupTypeCache (264ms)
				TypeCache.Initialize (260ms)
					TypeCache.ScanAssembly (255ms)
				ResolveRequiredComponents (4ms)
			ReleaseScriptCaches (1ms)
			RebuildScriptCaches (43ms)
			SetupLoadedEditorAssemblies (2705ms)
				LogAssemblyErrors (0ms)
				InitializePlatformSupportModulesInManaged (17ms)
				SetLoadedEditorAssemblies (11ms)
				RefreshPlugins (1ms)
				BeforeProcessingInitializeOnLoad (112ms)
				ProcessInitializeOnLoadAttributes (310ms)
				ProcessInitializeOnLoadMethodAttributes (2241ms)
				AfterProcessingInitializeOnLoad (12ms)
				EditorAssembliesLoaded (0ms)
			ExecutionOrderSort2 (0ms)
			AwakeInstancesAfterBackupRestoration (13ms)
Platform modules already initialized, skipping
Refreshing native plugins compatible for Editor in 120.99 ms, found 2 plugins.
Preloading 0 native plugins for Editor in 0.00 ms.
Unloading 2038 Unused Serialized files (Serialized files now loaded: 0)
Unloading 13 unused Assets / (24.7 KB). Loaded Objects now: 2628.
Memory consumption went from 352.1 MB to 352.1 MB.
Total: 4.254100 ms (FindLiveObjects: 0.260500 ms CreateObjectMapping: 0.124000 ms MarkObjects: 3.842800 ms  DeleteObjects: 0.025600 ms)

AssetImportParameters requested are different than current active one (requested -> active):
  custom:video-decoder-ogg-theora: a1e56fd34408186e4bbccfd4996cb3dc -> 
  custom:container-muxer-webm: aa71ff27fc2769a1b78a27578f13a17b -> 
  custom:container-demuxer-webm: 4f35f7cbe854078d1ac9338744f61a02 -> 
  custom:video-encoder-webm-vp8: eb34c28f22e8b96e1ab97ce403110664 -> 
  custom:audio-encoder-webm-vorbis: bf7c407c2cedff20999df2af8eb42d56 -> 
  custom:framework-win-MediaFoundation: 216162199b28c13a410421893ffa2e32 -> 
  custom:container-demuxer-ogg: 62fdf1f143b41e24485cea50d1cbac27 -> 
  custom:video-decoder-webm-vp8: 9c59270c3fd7afecdb556c50c9e8de78 -> 
  custom:audio-decoder-ogg-vorbis: bf7c407c2cedff20999df2af8eb42d56 -> 
========================================================================
Received Import Request.
  Time since last request: 142.270418 seconds.
  path: Assets/Scripts/WinCon.cs
  artifactKey: Guid(f3e98161ff346c844aa71d97dc6295cf) Importer(815301076,1909f56bfc062723c751e8b465ee728b)
Start importing Assets/Scripts/WinCon.cs using Guid(f3e98161ff346c844aa71d97dc6295cf) Importer(815301076,1909f56bfc062723c751e8b465ee728b)  -> (artifact id: 'b7155d67cdc891f1824215458aa5ce8e') in 0.031794 seconds 
========================================================================
Received Prepare
Registering precompiled user dll's ...
Registered in 4.632323 seconds.
Begin MonoManager ReloadAssembly
Native extension for WindowsStandalone target not found
Native extension for WebGL target not found
Refreshing native plugins compatible for Editor in 0.52 ms, found 2 plugins.
Preloading 0 native plugins for Editor in 0.00 ms.
Mono: successfully reloaded assembly
- Completed reload, in  7.246 seconds
Domain Reload Profiling:
	ReloadAssembly (7247ms)
		BeginReloadAssembly (154ms)
			ExecutionOrderSort (0ms)
			DisableScriptedObjects (6ms)
			BackupInstance (0ms)
			ReleaseScriptingObjects (0ms)
			CreateAndSetChildDomain (36ms)
		EndReloadAssembly (6974ms)
			LoadAssemblies (6208ms)
			RebuildTransferFunctionScriptingTraits (0ms)
			SetupTypeCache (242ms)
				TypeCache.Initialize (239ms)
					TypeCache.ScanAssembly (234ms)
				ResolveRequiredComponents (3ms)
			ReleaseScriptCaches (1ms)
			RebuildScriptCaches (41ms)
			SetupLoadedEditorAssemblies (425ms)
				LogAssemblyErrors (0ms)
				InitializePlatformSupportModulesInManaged (16ms)
				SetLoadedEditorAssemblies (7ms)
				RefreshPlugins (1ms)
				BeforeProcessingInitializeOnLoad (68ms)
				ProcessInitializeOnLoadAttributes (295ms)
				ProcessInitializeOnLoadMethodAttributes (28ms)
				AfterProcessingInitializeOnLoad (9ms)
				EditorAssembliesLoaded (0ms)
			ExecutionOrderSort2 (0ms)
			AwakeInstancesAfterBackupRestoration (8ms)
Platform modules already initialized, skipping
Refreshing native plugins compatible for Editor in 124.77 ms, found 2 plugins.
Preloading 0 native plugins for Editor in 0.00 ms.
Unloading 2038 Unused Serialized files (Serialized files now loaded: 0)
Unloading 13 unused Assets / (24.6 KB). Loaded Objects now: 2631.
Memory consumption went from 352.1 MB to 352.1 MB.
Total: 3.177300 ms (FindLiveObjects: 0.191200 ms CreateObjectMapping: 0.079000 ms MarkObjects: 2.880000 ms  DeleteObjects: 0.025800 ms)

AssetImportParameters requested are different than current active one (requested -> active):
  custom:video-decoder-ogg-theora: a1e56fd34408186e4bbccfd4996cb3dc -> 
  custom:container-muxer-webm: aa71ff27fc2769a1b78a27578f13a17b -> 
  custom:container-demuxer-webm: 4f35f7cbe854078d1ac9338744f61a02 -> 
  custom:video-encoder-webm-vp8: eb34c28f22e8b96e1ab97ce403110664 -> 
  custom:audio-encoder-webm-vorbis: bf7c407c2cedff20999df2af8eb42d56 -> 
  custom:framework-win-MediaFoundation: 216162199b28c13a410421893ffa2e32 -> 
  custom:container-demuxer-ogg: 62fdf1f143b41e24485cea50d1cbac27 -> 
  custom:video-decoder-webm-vp8: 9c59270c3fd7afecdb556c50c9e8de78 -> 
  custom:audio-decoder-ogg-vorbis: bf7c407c2cedff20999df2af8eb42d56 -> 
========================================================================
Received Import Request.
  Time since last request: 91.395368 seconds.
  path: Assets/Sci_Fi_Pistol_#1/Prefabs
  artifactKey: Guid(da8470f05169515458a5252c33e0a4d4) Importer(815301076,1909f56bfc062723c751e8b465ee728b)
Start importing Assets/Sci_Fi_Pistol_#1/Prefabs using Guid(da8470f05169515458a5252c33e0a4d4) Importer(815301076,1909f56bfc062723c751e8b465ee728b)  -> (artifact id: '6d86b35fbab0085edb4f305008f8a6df') in 0.039286 seconds 
========================================================================
Received Import Request.
  Time since last request: 10.208753 seconds.
  path: Assets/Resources/Prefabs/Collectables/Sci_Fi_Pistol_#1_prefab.prefab
  artifactKey: Guid(69cd63ad6e5ceb44790a04c2fe580620) Importer(815301076,1909f56bfc062723c751e8b465ee728b)
Start importing Assets/Resources/Prefabs/Collectables/Sci_Fi_Pistol_#1_prefab.prefab using Guid(69cd63ad6e5ceb44790a04c2fe580620) Importer(815301076,1909f56bfc062723c751e8b465ee728b)  -> (artifact id: '4b43f31c35a201ef3fb82a2e070e9ce2') in 0.144667 seconds 
========================================================================
Received Import Request.
  Time since last request: 52.882418 seconds.
  path: Assets/Resources/Prefabs/Collectables/Sci_Fi_Pistol_#1_prefab.prefab
  artifactKey: Guid(69cd63ad6e5ceb44790a04c2fe580620) Importer(815301076,1909f56bfc062723c751e8b465ee728b)
Start importing Assets/Resources/Prefabs/Collectables/Sci_Fi_Pistol_#1_prefab.prefab using Guid(69cd63ad6e5ceb44790a04c2fe580620) Importer(815301076,1909f56bfc062723c751e8b465ee728b)  -> (artifact id: '8c1bf3aeb4ff599f4e60a58815c1e720') in 0.196047 seconds 
========================================================================
Received Import Request.
  Time since last request: 7.505077 seconds.
  path: Assets/Resources/Prefabs/Collectables/Sci_Fi_Pistol_#1_prefab.prefab
  artifactKey: Guid(69cd63ad6e5ceb44790a04c2fe580620) Importer(815301076,1909f56bfc062723c751e8b465ee728b)
Start importing Assets/Resources/Prefabs/Collectables/Sci_Fi_Pistol_#1_prefab.prefab using Guid(69cd63ad6e5ceb44790a04c2fe580620) Importer(815301076,1909f56bfc062723c751e8b465ee728b)  -> (artifact id: 'd7ba0ce6ba929d3c750b3d8a879967d1') in 0.100842 seconds 
========================================================================
Received Prepare
Registering precompiled user dll's ...
Registered in 5.637760 seconds.
Begin MonoManager ReloadAssembly
Native extension for WindowsStandalone target not found
Native extension for WebGL target not found
Refreshing native plugins compatible for Editor in 0.85 ms, found 2 plugins.
Preloading 0 native plugins for Editor in 0.00 ms.
Mono: successfully reloaded assembly
- Completed reload, in  9.591 seconds
Domain Reload Profiling:
	ReloadAssembly (9592ms)
		BeginReloadAssembly (207ms)
			ExecutionOrderSort (0ms)
			DisableScriptedObjects (9ms)
			BackupInstance (0ms)
			ReleaseScriptingObjects (0ms)
			CreateAndSetChildDomain (49ms)
		EndReloadAssembly (9226ms)
			LoadAssemblies (8090ms)
			RebuildTransferFunctionScriptingTraits (0ms)
			SetupTypeCache (319ms)
				TypeCache.Initialize (314ms)
					TypeCache.ScanAssembly (309ms)
				ResolveRequiredComponents (4ms)
			ReleaseScriptCaches (1ms)
			RebuildScriptCaches (64ms)
			SetupLoadedEditorAssemblies (678ms)
				LogAssemblyErrors (0ms)
				InitializePlatformSupportModulesInManaged (22ms)
				SetLoadedEditorAssemblies (11ms)
				RefreshPlugins (1ms)
				BeforeProcessingInitializeOnLoad (87ms)
				ProcessInitializeOnLoadAttributes (500ms)
				ProcessInitializeOnLoadMethodAttributes (44ms)
				AfterProcessingInitializeOnLoad (13ms)
				EditorAssembliesLoaded (0ms)
			ExecutionOrderSort2 (0ms)
			AwakeInstancesAfterBackupRestoration (12ms)
Platform modules already initialized, skipping
Refreshing native plugins compatible for Editor in 143.13 ms, found 2 plugins.
Preloading 0 native plugins for Editor in 0.00 ms.
Unloading 2038 Unused Serialized files (Serialized files now loaded: 0)
Unloading 13 unused Assets / (24.7 KB). Loaded Objects now: 2634.
Memory consumption went from 352.2 MB to 352.1 MB.
Total: 3.953200 ms (FindLiveObjects: 0.211500 ms CreateObjectMapping: 0.194100 ms MarkObjects: 3.519600 ms  DeleteObjects: 0.026500 ms)

AssetImportParameters requested are different than current active one (requested -> active):
  custom:video-decoder-ogg-theora: a1e56fd34408186e4bbccfd4996cb3dc -> 
  custom:container-muxer-webm: aa71ff27fc2769a1b78a27578f13a17b -> 
  custom:container-demuxer-webm: 4f35f7cbe854078d1ac9338744f61a02 -> 
  custom:video-encoder-webm-vp8: eb34c28f22e8b96e1ab97ce403110664 -> 
  custom:audio-encoder-webm-vorbis: bf7c407c2cedff20999df2af8eb42d56 -> 
  custom:framework-win-MediaFoundation: 216162199b28c13a410421893ffa2e32 -> 
  custom:container-demuxer-ogg: 62fdf1f143b41e24485cea50d1cbac27 -> 
  custom:video-decoder-webm-vp8: 9c59270c3fd7afecdb556c50c9e8de78 -> 
  custom:audio-decoder-ogg-vorbis: bf7c407c2cedff20999df2af8eb42d56 -> 
========================================================================
Received Import Request.
  Time since last request: 406.608229 seconds.
  path: Assets/Resources/Prefabs/Collectables/Sci_Fi_Pistol_#1_prefab.prefab
  artifactKey: Guid(69cd63ad6e5ceb44790a04c2fe580620) Importer(815301076,1909f56bfc062723c751e8b465ee728b)
Start importing Assets/Resources/Prefabs/Collectables/Sci_Fi_Pistol_#1_prefab.prefab using Guid(69cd63ad6e5ceb44790a04c2fe580620) Importer(815301076,1909f56bfc062723c751e8b465ee728b)  -> (artifact id: 'c77c7864b841e4621f1ff5ef48c2f14a') in 0.158875 seconds 
========================================================================
Received Import Request.
  Time since last request: 20.336025 seconds.
  path: Assets/Resources/Prefabs/Collectables/Sci_Fi_Pistol_#1_prefab.prefab
  artifactKey: Guid(69cd63ad6e5ceb44790a04c2fe580620) Importer(815301076,1909f56bfc062723c751e8b465ee728b)
Start importing Assets/Resources/Prefabs/Collectables/Sci_Fi_Pistol_#1_prefab.prefab using Guid(69cd63ad6e5ceb44790a04c2fe580620) Importer(815301076,1909f56bfc062723c751e8b465ee728b)  -> (artifact id: '12b9daf010f09dd4f10f411ee658562d') in 0.081610 seconds 
========================================================================
Received Import Request.
  Time since last request: 14.786280 seconds.
  path: Assets/Resources/Prefabs/Collectables/Sci_Fi_Pistol_#1_prefab.prefab
  artifactKey: Guid(69cd63ad6e5ceb44790a04c2fe580620) Importer(815301076,1909f56bfc062723c751e8b465ee728b)
Start importing Assets/Resources/Prefabs/Collectables/Sci_Fi_Pistol_#1_prefab.prefab using Guid(69cd63ad6e5ceb44790a04c2fe580620) Importer(815301076,1909f56bfc062723c751e8b465ee728b)  -> (artifact id: '53253ca8e5bd2ca9419e79669401e136') in 0.103582 seconds 
========================================================================
Received Import Request.
  Time since last request: 10.596621 seconds.
  path: Assets/Resources/Prefabs/Collectables/Sci_Fi_Pistol_#1_prefab.prefab
  artifactKey: Guid(69cd63ad6e5ceb44790a04c2fe580620) Importer(815301076,1909f56bfc062723c751e8b465ee728b)
Start importing Assets/Resources/Prefabs/Collectables/Sci_Fi_Pistol_#1_prefab.prefab using Guid(69cd63ad6e5ceb44790a04c2fe580620) Importer(815301076,1909f56bfc062723c751e8b465ee728b)  -> (artifact id: '45db1bab6cdeacddc7c1296b2b21d5a5') in 0.063680 seconds 
========================================================================
Received Import Request.
  Time since last request: 7.680650 seconds.
  path: Assets/Resources/Prefabs/Collectables/Sci_Fi_Pistol_#1_prefab.prefab
  artifactKey: Guid(69cd63ad6e5ceb44790a04c2fe580620) Importer(815301076,1909f56bfc062723c751e8b465ee728b)
Start importing Assets/Resources/Prefabs/Collectables/Sci_Fi_Pistol_#1_prefab.prefab using Guid(69cd63ad6e5ceb44790a04c2fe580620) Importer(815301076,1909f56bfc062723c751e8b465ee728b)  -> (artifact id: '18c7c9b1aa0a1760ae2bf12eac76acb8') in 0.094574 seconds 
========================================================================
Received Import Request.
  Time since last request: 32.295002 seconds.
  path: Assets/Resources/Prefabs/Collectables/Sci_Fi_Pistol_#1_prefab.prefab
  artifactKey: Guid(69cd63ad6e5ceb44790a04c2fe580620) Importer(815301076,1909f56bfc062723c751e8b465ee728b)
Start importing Assets/Resources/Prefabs/Collectables/Sci_Fi_Pistol_#1_prefab.prefab using Guid(69cd63ad6e5ceb44790a04c2fe580620) Importer(815301076,1909f56bfc062723c751e8b465ee728b)  -> (artifact id: '0881fab6b8e0ebc76091f268f8884ea6') in 0.073161 seconds 
========================================================================
Received Import Request.
  Time since last request: 5.927236 seconds.
  path: Assets/Resources/Prefabs/Collectables/Sci_Fi_Pistol_#1_prefab.prefab
  artifactKey: Guid(69cd63ad6e5ceb44790a04c2fe580620) Importer(815301076,1909f56bfc062723c751e8b465ee728b)
Start importing Assets/Resources/Prefabs/Collectables/Sci_Fi_Pistol_#1_prefab.prefab using Guid(69cd63ad6e5ceb44790a04c2fe580620) Importer(815301076,1909f56bfc062723c751e8b465ee728b)  -> (artifact id: '4fadbf802c1fd3c895bff0690a624ef7') in 0.074865 seconds 
========================================================================
Received Import Request.
  Time since last request: 12.445222 seconds.
  path: Assets/Resources/Prefabs/Collectables/Sci_Fi_Pistol_#1_prefab.prefab
  artifactKey: Guid(69cd63ad6e5ceb44790a04c2fe580620) Importer(815301076,1909f56bfc062723c751e8b465ee728b)
Start importing Assets/Resources/Prefabs/Collectables/Sci_Fi_Pistol_#1_prefab.prefab using Guid(69cd63ad6e5ceb44790a04c2fe580620) Importer(815301076,1909f56bfc062723c751e8b465ee728b)  -> (artifact id: '899c5269e4c8232c4c3a186cf648fdcf') in 0.079569 seconds 
========================================================================
Received Import Request.
  Time since last request: 22.614280 seconds.
  path: Assets/Resources/Prefabs/Collectables/Sci_Fi_Pistol_#1_prefab.prefab
  artifactKey: Guid(69cd63ad6e5ceb44790a04c2fe580620) Importer(815301076,1909f56bfc062723c751e8b465ee728b)
Start importing Assets/Resources/Prefabs/Collectables/Sci_Fi_Pistol_#1_prefab.prefab using Guid(69cd63ad6e5ceb44790a04c2fe580620) Importer(815301076,1909f56bfc062723c751e8b465ee728b)  -> (artifact id: '3e88c9371f5e147f2745f47af95ebde2') in 0.076499 seconds 
========================================================================
Received Import Request.
  Time since last request: 12.671916 seconds.
  path: Assets/Resources/Prefabs/Collectables/Sci_Fi_Pistol_#1_prefab.prefab
  artifactKey: Guid(69cd63ad6e5ceb44790a04c2fe580620) Importer(815301076,1909f56bfc062723c751e8b465ee728b)
Start importing Assets/Resources/Prefabs/Collectables/Sci_Fi_Pistol_#1_prefab.prefab using Guid(69cd63ad6e5ceb44790a04c2fe580620) Importer(815301076,1909f56bfc062723c751e8b465ee728b)  -> (artifact id: '6d15ae82e7042eb9ecc86971ec36b5ca') in 0.072780 seconds 
========================================================================
Received Import Request.
  Time since last request: 5.742148 seconds.
  path: Assets/Resources/Prefabs/Collectables/Sci_Fi_Pistol_#1_prefab.prefab
  artifactKey: Guid(69cd63ad6e5ceb44790a04c2fe580620) Importer(815301076,1909f56bfc062723c751e8b465ee728b)
Start importing Assets/Resources/Prefabs/Collectables/Sci_Fi_Pistol_#1_prefab.prefab using Guid(69cd63ad6e5ceb44790a04c2fe580620) Importer(815301076,1909f56bfc062723c751e8b465ee728b)  -> (artifact id: '09fe9aa3929f1d657a58414adf56516e') in 0.068780 seconds 
========================================================================
Received Import Request.
  Time since last request: 13.399371 seconds.
  path: Assets/Resources/Prefabs/Collectables/Sci_Fi_Pistol_#1_prefab.prefab
  artifactKey: Guid(69cd63ad6e5ceb44790a04c2fe580620) Importer(815301076,1909f56bfc062723c751e8b465ee728b)
Start importing Assets/Resources/Prefabs/Collectables/Sci_Fi_Pistol_#1_prefab.prefab using Guid(69cd63ad6e5ceb44790a04c2fe580620) Importer(815301076,1909f56bfc062723c751e8b465ee728b)  -> (artifact id: 'b129282294bc0d516d263ec026cb57ea') in 0.080764 seconds 
========================================================================
Received Import Request.
  Time since last request: 7.941695 seconds.
  path: Assets/Resources/Prefabs/Collectables/Sci_Fi_Pistol_#1_prefab.prefab
  artifactKey: Guid(69cd63ad6e5ceb44790a04c2fe580620) Importer(815301076,1909f56bfc062723c751e8b465ee728b)
Start importing Assets/Resources/Prefabs/Collectables/Sci_Fi_Pistol_#1_prefab.prefab using Guid(69cd63ad6e5ceb44790a04c2fe580620) Importer(815301076,1909f56bfc062723c751e8b465ee728b)  -> (artifact id: '2da05a0eadff92503dd83d6264f31855') in 0.079991 seconds 
========================================================================
Received Prepare
Registering precompiled user dll's ...
Registered in 5.192564 seconds.
Begin MonoManager ReloadAssembly
Native extension for WindowsStandalone target not found
Native extension for WebGL target not found
Refreshing native plugins compatible for Editor in 0.77 ms, found 2 plugins.
Preloading 0 native plugins for Editor in 0.00 ms.
Mono: successfully reloaded assembly
- Completed reload, in 10.146 seconds
Domain Reload Profiling:
	ReloadAssembly (10147ms)
		BeginReloadAssembly (210ms)
			ExecutionOrderSort (0ms)
			DisableScriptedObjects (8ms)
			BackupInstance (0ms)
			ReleaseScriptingObjects (0ms)
			CreateAndSetChildDomain (52ms)
		EndReloadAssembly (9773ms)
			LoadAssemblies (8733ms)
			RebuildTransferFunctionScriptingTraits (0ms)
			SetupTypeCache (324ms)
				TypeCache.Initialize (319ms)
					TypeCache.ScanAssembly (313ms)
				ResolveRequiredComponents (5ms)
			ReleaseScriptCaches (2ms)
			RebuildScriptCaches (62ms)
			SetupLoadedEditorAssemblies (580ms)
				LogAssemblyErrors (0ms)
				InitializePlatformSupportModulesInManaged (22ms)
				SetLoadedEditorAssemblies (10ms)
				RefreshPlugins (1ms)
				BeforeProcessingInitializeOnLoad (84ms)
				ProcessInitializeOnLoadAttributes (412ms)
				ProcessInitializeOnLoadMethodAttributes (39ms)
				AfterProcessingInitializeOnLoad (12ms)
				EditorAssembliesLoaded (0ms)
			ExecutionOrderSort2 (0ms)
			AwakeInstancesAfterBackupRestoration (13ms)
Platform modules already initialized, skipping
Refreshing native plugins compatible for Editor in 187.27 ms, found 2 plugins.
Preloading 0 native plugins for Editor in 0.00 ms.
Unloading 2038 Unused Serialized files (Serialized files now loaded: 0)
Unloading 13 unused Assets / (24.7 KB). Loaded Objects now: 2637.
Memory consumption went from 352.1 MB to 352.1 MB.
Total: 4.733100 ms (FindLiveObjects: 0.180900 ms CreateObjectMapping: 0.085700 ms MarkObjects: 4.410700 ms  DeleteObjects: 0.054800 ms)

AssetImportParameters requested are different than current active one (requested -> active):
  custom:video-decoder-ogg-theora: a1e56fd34408186e4bbccfd4996cb3dc -> 
  custom:container-muxer-webm: aa71ff27fc2769a1b78a27578f13a17b -> 
  custom:container-demuxer-webm: 4f35f7cbe854078d1ac9338744f61a02 -> 
  custom:video-encoder-webm-vp8: eb34c28f22e8b96e1ab97ce403110664 -> 
  custom:audio-encoder-webm-vorbis: bf7c407c2cedff20999df2af8eb42d56 -> 
  custom:framework-win-MediaFoundation: 216162199b28c13a410421893ffa2e32 -> 
  custom:container-demuxer-ogg: 62fdf1f143b41e24485cea50d1cbac27 -> 
  custom:video-decoder-webm-vp8: 9c59270c3fd7afecdb556c50c9e8de78 -> 
  custom:audio-decoder-ogg-vorbis: bf7c407c2cedff20999df2af8eb42d56 -> 
